// Vitest Snapshot v1, https://vitest.dev/guide/snapshot.html

exports[`FutureConcerts component > shows all the data 1`] = `
<div>
  <div>
    <div>
      <span>
        mock-id
      </span>
    </div>
  </div>
</div>
`;
