// Vitest Snapshot v1, https://vitest.dev/guide/snapshot.html

exports[`Loading skeleton component > should render 1`] = `
<div>
  <div
    class="_loadingWrapper_a0a619"
  />
</div>
`;
