// Vitest Snapshot v1, https://vitest.dev/guide/snapshot.html

exports[`Concert component > shows all the data 1`] = `
<div>
  <article
    class="_root_3155da"
  >
    <header
      class="_header_3155da"
    >
      <div
        class="_titleContainer_3155da content-layout"
      >
        <h1>
          title
        </h1>
      </div>
    </header>
    <div
      class="_container_3155da content-layout _noGrid_3155da"
    >
      <aside
        class="_sidebar_3155da"
      >
        <div
          class="_sidebarContent_3155da"
        />
      </aside>
      <div
        class="_content_3155da"
      />
    </div>
    <div
      class="_locations_3155da"
    />
  </article>
</div>
`;
