// Vitest Snapshot v1, https://vitest.dev/guide/snapshot.html

exports[`Events component > shows all the data 1`] = `
<div>
  <section>
    <div>
      [Event]: 
      <span>
        mock-id
      </span>
    </div>
  </section>
</div>
`;
