// Jest Snapshot v1, https://goo.gl/fbAQLP

exports[`Default layout shows all the data 1`] = `
<div>
  <div
    class="main"
  >
    <nav>
      [Navigation]
    </nav>
    <main>
      <div>
        main content
      </div>
    </main>
    <footer>
      [Footer]
    </footer>
  </div>
</div>
`;
