// Vitest Snapshot v1, https://vitest.dev/guide/snapshot.html

exports[`Concerts component > shows all the data 1`] = `
<div>
  <div>
    <p
      class="text-small"
    >
      1
       van 
      10
       concerten
    </p>
  </div>
</div>
`;
