// Vitest Snapshot v1, https://vitest.dev/guide/snapshot.html

exports[`Concert component > shows all the data 1`] = `
<div>
  <div
    class="_root_2436e2 _oneLocation_2436e2"
  >
    <h2
      class="_title_2436e2 h3"
    >
      <span>
        <a
          href="some-slug"
        >
          name
        </a>
      </span>
    </h2>
    <div
      class="_content_2436e2"
    >
      <ul
        class="_locations_2436e2"
      >
        <li
          class="_location_2436e2"
        >
          <h3
            class="_locationTitle_2436e2 h5"
          >
            test
          </h3>
          <p
            class="_locationSubtitle_2436e2"
          >
            Vrijdag 1 september â€” 14:32
          </p>
          <p
            class="_locationLinkContainer_2436e2 text-small"
          >
            Concert voorbij
          </p>
        </li>
      </ul>
    </div>
    <a
      class="_concertLink_2436e2 text-small"
      href="some-slug"
    >
      Bekijk concert
      <svg
        aria-hidden="true"
        class="_icon_884e08"
        height="24px"
        viewBox="0 0 24 24"
        width="24px"
        xmlns="http://www.w3.org/2000/svg"
      >
        <g
          fill="currentColor"
        >
          <path
            d="M23.22 12.84H.78a.781.781 0 0 1 0-1.56h22.45c.43 0 .78.35.78.78-.01.43-.36.78-.79.78z"
          />
          <path
            d="M17.8 18.27c-.43 0-.78-.35-.78-.78 0-.21.08-.4.23-.55l4.88-4.88-4.88-4.88a.785.785 0 0 1-.03-1.1c.29-.31.79-.32 1.1-.03l.03.03 5.43 5.43c.3.3.3.79 0 1.1l-5.43 5.43a.78.78 0 0 1-.55.23z"
          />
        </g>
      </svg>
    </a>
  </div>
</div>
`;
