// Jest Snapshot v1, https://goo.gl/fbAQLP

exports[`Concert component shows all the data 1`] = `
<div>
  <div
    class="root hasImage oneLocation"
  >
    <h2
      class="title h3"
    >
      <span>
        <a
          href="some-slug"
        >
          name
        </a>
      </span>
    </h2>
    <div
      class="content"
    >
      <ul
        class="locations"
      >
        <li
          class="location"
        >
          <h3
            class="locationTitle h5"
          >
            Vrijdag 1 september â€” 14:32
          </h3>
          <p
            class="locationLinkContainer text-small"
          >
            Concert voorbij
          </p>
        </li>
      </ul>
      <div
        class="imageContainer"
      >
        <img
          alt="desc"
          class="image"
          data-nimg="1"
          decoding="async"
          fetchpriority="high"
          height="100"
          src="/_next/image?url=https%3A%2F%2Fcreaorkest.nl%2Fsome-image.png&w=256&q=75"
          srcset="/_next/image?url=https%3A%2F%2Fcreaorkest.nl%2Fsome-image.png&w=128&q=75 1x, /_next/image?url=https%3A%2F%2Fcreaorkest.nl%2Fsome-image.png&w=256&q=75 2x"
          style="color: transparent;"
          width="100"
        />
      </div>
    </div>
    <a
      class="eventLink text-small"
      href="some-slug"
    >
      Bekijk concert
      <svg
        aria-hidden="true"
        class="icon"
        height="24px"
        viewBox="0 0 24 24"
        width="24px"
        xmlns="http://www.w3.org/2000/svg"
      >
        <g
          fill="currentColor"
        >
          <path
            d="M23.22 12.84H.78a.781.781 0 0 1 0-1.56h22.45c.43 0 .78.35.78.78-.01.43-.36.78-.79.78z"
          />
          <path
            d="M17.8 18.27c-.43 0-.78-.35-.78-.78 0-.21.08-.4.23-.55l4.88-4.88-4.88-4.88a.785.785 0 0 1-.03-1.1c.29-.31.79-.32 1.1-.03l.03.03 5.43 5.43c.3.3.3.79 0 1.1l-5.43 5.43a.78.78 0 0 1-.55.23z"
          />
        </g>
      </svg>
    </a>
  </div>
</div>
`;
