// Vitest Snapshot v1, https://vitest.dev/guide/snapshot.html

exports[`NavigationSubMenuItem > should render a link 1`] = `
<div>
  <li
    class="_navItem_16c685"
  >
    <a
      class="_link_16c685 text-large"
      href="/url"
    >
      homepage
    </a>
  </li>
</div>
`;
