// Vitest Snapshot v1, https://vitest.dev/guide/snapshot.html

exports[`FutureEvents component > shows all the data 1`] = `
<div>
  <div>
    <div>
      <span>
        mock-id
      </span>
    </div>
  </div>
</div>
`;

exports[`FutureEvents component > shows no data 1`] = `
<div>
  <h2>
    Komende concerten
  </h2>
  <p>
    Houd de website in de gaten om up to date te blijven over volgende concerten.
  </p>
  <a
    href="/concerten"
  >
    Bekijk al onze vorige concerten
  </a>
</div>
`;
